(agda2-status-action "")
(agda2-info-action "*Type-checking*" "" nil)
(agda2-highlight-clear)
(agda2-status-action "")
(agda2-info-action "*All Goals*" "?0 : Five ?1 : Set " nil)
((last . 1) . (agda2-goals-action '(0 1)))
(agda2-info-action "*Error*" "Issue2971.agda:18,15-19 Cannot split on result here, because record has irrelevant fields, but no corresponding projections when checking that the expression ? has type Five" nil)
((last . 3) . (agda2-maybe-goto '("Issue2971.agda" . 434)))
(agda2-highlight-load-and-delete-action)
(agda2-status-action "")
(agda2-info-action "*Error*" "Issue2971.agda:34,14-18 Cannot split on result here, because target type Set is not a record type when checking that the expression ? has type Set" nil)
((last . 3) . (agda2-maybe-goto '("Issue2971.agda" . 862)))
(agda2-highlight-load-and-delete-action)
(agda2-status-action "")
