(agda2-status-action "")
(agda2-info-action "*Type-checking*" "" nil)
(agda2-highlight-clear)
(agda2-status-action "")
(agda2-info-action "*All Goals*" "?0 : S ?1 : Nat " nil)
((last . 1) . (agda2-goals-action '(0 1)))
((last . 2) . (agda2-make-case-action '("test | c = ?")))
((last . 1) . (agda2-goals-action '(0 1)))
(agda2-info-action "*Error*" "Issue2181.agda:21,14-20 Cannot split on variable xs. It is either a module parameter or already instantiated by a dot pattern when checking that the expression ? has type Nat" nil)
((last . 3) . (agda2-maybe-goto '("Issue2181.agda" . 389)))
(agda2-highlight-load-and-delete-action)
(agda2-status-action "")
((last . 2) . (agda2-make-case-action '("foo (x ∷ ys) | x₁ ∷ zs = ?")))
((last . 1) . (agda2-goals-action '(0 1)))
