(agda2-status-action "")
(agda2-info-action "*Type-checking*" "" nil)
(agda2-highlight-clear)
(agda2-status-action "")
(agda2-info-action "*All Goals*" "?0 : update (.ρ , .a < .h ⊕ .n ∣ .p) vz (max (↑ .a₁ - .n₁)) ≤V (.ξ , .a' < .h ⊕ .n ∣ .q) ?1 : update (.ρ , .a < .h ⊕ .n ∣ .p) (vs x) (max (↑ .a₁ - .n₁)) ≤V (.ξ , .a' < .h ⊕ .n ∣ .q) " nil)
((last . 1) . (agda2-goals-action '(0 1)))
((last . 2) . (agda2-make-case-action '("lemma-str vz (p , s) (leZZ p₁) = ?" "lemma-str vz (p , s) leZ∞ = ?" "lemma-str vz (p , s) (le∞∞ p₁) = ?")))
((last . 1) . (agda2-goals-action '(0 1)))
