(agda2-status-action "")
(agda2-info-action "*Type-checking*" "" nil)
(agda2-highlight-clear)
(agda2-status-action "")
(agda2-info-action "*All Goals, Errors*" "?0 : Size ?1 : Size _i_254 : Size [ at Issue2096.agda:55,11-14 ] _j_258 : Size< _i_254 t [ at Issue2096.agda:55,11-14 ] _m_259 : Size [ at Issue2096.agda:55,16-19 ] _l_262 : Size< _m_259 t [ at Issue2096.agda:55,16-19 ] _k_263 : Size< _m_259 t [ at Issue2096.agda:55,16-19 ] _m_264 : Size [ at Issue2096.agda:55,20-25 ] _n_268 : Size [ at Issue2096.agda:55,27-30 ] _o_271 : Size< _n_268 t [ at Issue2096.agda:55,27-30 ] _n_272 : Size [ at Issue2096.agda:55,32-35 ] _o_275 : Size< _n_272 t [ at Issue2096.agda:55,32-35 ] ———— Errors ———————————————————————————————————————————————— Failed to solve the following constraints: ↑ _j_258 t =< _i_254 t : Size [510, 514] _i_254 t =< ?1 : Size ↑ _l_262 t =< _m_259 t : Size ↑ _k_263 t =< _m_259 t : Size [516, 518] _m_259 t =< _j_258 t : Size [520, 522] ↑ (↑ (↑ (↑ _m_264 t))) =< _k_263 t : Size ↑ _o_271 t =< _n_268 t : Size [528, 530] _n_268 t =< _l_262 t : Size ↑ _o_275 t =< _n_272 t : Size [534, 536] _n_272 t =< _o_271 t : Size [540, 542] ?0 =< _o_275 t : Size " nil)
((last . 1) . (agda2-goals-action '(0 1)))
(agda2-info-action "*Error*" "Issue2096.agda:55,32-37 Cannot solve size constraints [.q, .A, .B, .Γ, .r, t] .r < .q |- .q ≤ _o_275 .q .A .B .Γ .r t [.q, .A, .B, .Γ, .r, t] .r < .q |- ↑ _j_258 .q .A .B .Γ .r t ≤ _i_254 .q .A .B .Γ .r t [.q, .A, .B, .Γ, .r, t] .r < .q |- _i_254 .q .A .B .Γ .r t ≤ ?1 .q .A .B .Γ .r [.q, .A, .B, .Γ, .r, t] .r < .q |- ↑ _l_262 .q .A .B .Γ .r t ≤ _m_259 .q .A .B .Γ .r t [.q, .A, .B, .Γ, .r, t] .r < .q |- ↑ _k_263 .q .A .B .Γ .r t ≤ _m_259 .q .A .B .Γ .r t [.q, .A, .B, .Γ, .r, t] .r < .q |- _m_259 .q .A .B .Γ .r t ≤ _j_258 .q .A .B .Γ .r t [.q, .A, .B, .Γ, .r, t] .r < .q |- ↑ (↑ (↑ (↑ _m_264 .q .A .B .Γ .r t))) ≤ _k_263 .q .A .B .Γ .r t [.q, .A, .B, .Γ, .r, t] .r < .q |- ↑ _o_271 .q .A .B .Γ .r t ≤ _n_268 .q .A .B .Γ .r t [.q, .A, .B, .Γ, .r, t] .r < .q |- _n_268 .q .A .B .Γ .r t ≤ _l_262 .q .A .B .Γ .r t [.q, .A, .B, .Γ, .r, t] .r < .q |- ↑ _o_275 .q .A .B .Γ .r t ≤ _n_272 .q .A .B .Γ .r t [.q, .A, .B, .Γ, .r, t] .r < .q |- _n_272 .q .A .B .Γ .r t ≤ _o_271 .q .A .B .Γ .r t Reason: inconsistent upper bound for 264 when checking that the inferred type of an application (.Γ , .A) ⊢⟨ _n_272 t ⟩ .A ⊃ .B matches the expected type (.Γ , .A) ⊢⟨ _o_271 t ⟩ .A ⊃ .B" nil)
((last . 3) . (agda2-maybe-goto '("Issue2096.agda" . 1721)))
(agda2-highlight-load-and-delete-action)
(agda2-status-action "")
