(agda2-status-action "")
(agda2-info-action "*Type-checking*" "" nil)
(agda2-highlight-clear)
(agda2-highlight-add-annotations '(1 5 (keyword) nil) '(8 9 (symbol) nil) '(10 13 (primitivetype) nil) '(14 19 (keyword) nil) '(21 27 (keyword) nil) '(30 31 (symbol) nil) '(32 35 (primitivetype) nil) '(36 41 (keyword) nil) '(44 55 (keyword) nil) '(60 65 (keyword) nil) '(68 69 (symbol) nil) '(73 79 (keyword) nil) '(83 84 (symbol) nil) '(85 88 (primitivetype) nil) '(89 94 (keyword) nil) '(97 108 (keyword) nil) '(111 122 (keyword) nil) '(127 132 (keyword) nil) '(135 136 (symbol) nil) '(143 144 (symbol) nil) '(147 148 (symbol) nil) '(155 156 (symbol) nil) '(157 160 (keyword) nil) '(165 166 (symbol) nil) '(169 171 (keyword) nil))
(agda2-highlight-add-annotations '(6 7 (datatype) nil ("Issue1064.agda" . 6)) '(28 29 (record) nil ("Issue1064.agda" . 28)) '(56 57 (inductiveconstructor) nil ("Issue1064.agda" . 56)) '(66 67 (field) nil ("Issue1064.agda" . 66)) '(70 71 (datatype) nil ("Issue1064.agda" . 6)) '(80 82 (record) nil ("Issue1064.agda" . 80)) '(123 124 (inductiveconstructor) nil ("Issue1064.agda" . 123)) '(133 134 (field) nil ("Issue1064.agda" . 133)) '(137 139 (record) nil ("Issue1064.agda" . 80)) '(141 142 (function) nil ("Issue1064.agda" . 141)) '(145 146 (record) nil ("Issue1064.agda" . 28)) '(149 150 (datatype) nil ("Issue1064.agda" . 6)) '(151 152 (function) nil ("Issue1064.agda" . 141)) '(153 154 (bound) nil ("Issue1064.agda" . 153)) '(161 162 (inductiveconstructor) nil) '(163 164 (bound) nil ("Issue1064.agda" . 163)) '(167 168 (bound) nil ("Issue1064.agda" . 153)) '(172 173 (bound) nil ("Issue1064.agda" . 163)))
(agda2-highlight-add-annotations '(6 7 (datatype) nil ("Issue1064.agda" . 6)) '(8 9 (symbol) nil) '(10 13 (primitivetype) nil))
(agda2-highlight-add-annotations '(1 5 (keyword) nil) '(6 7 (datatype) nil ("Issue1064.agda" . 6)) '(14 19 (keyword) nil))
(agda2-highlight-add-annotations '(28 29 (record) nil ("Issue1064.agda" . 28)) '(30 31 (symbol) nil) '(32 35 (primitivetype) nil))
(agda2-highlight-add-annotations '(21 27 (keyword) nil) '(28 29 (record) nil ("Issue1064.agda" . 28)) '(36 41 (keyword) nil) '(44 55 (keyword) nil) '(56 57 (inductiveconstructor) nil ("Issue1064.agda" . 56)) '(60 65 (keyword) nil) '(66 67 (field) nil ("Issue1064.agda" . 66)) '(68 69 (symbol) nil) '(70 71 (datatype) nil ("Issue1064.agda" . 6)))
(agda2-highlight-add-annotations '(80 82 (record) nil ("Issue1064.agda" . 80)) '(83 84 (symbol) nil) '(85 88 (primitivetype) nil))
(agda2-highlight-add-annotations '(73 79 (keyword) nil) '(80 82 (record) nil ("Issue1064.agda" . 80)) '(89 94 (keyword) nil) '(97 108 (keyword) nil) '(111 122 (keyword) nil) '(123 124 (coinductiveconstructor) nil ("Issue1064.agda" . 123)) '(127 132 (keyword) nil) '(133 134 (field) nil ("Issue1064.agda" . 133)) '(135 136 (symbol) nil) '(137 139 (record) nil ("Issue1064.agda" . 80)))
(agda2-highlight-add-annotations '(141 142 (function) nil ("Issue1064.agda" . 141)) '(143 144 (symbol) nil) '(145 146 (record) nil ("Issue1064.agda" . 28)) '(147 148 (symbol) nil) '(149 150 (datatype) nil ("Issue1064.agda" . 6)))
(agda2-highlight-add-annotations '(141 142 (function) nil ("Issue1064.agda" . 141)) '(151 152 (function) nil ("Issue1064.agda" . 141)) '(153 154 (bound) nil ("Issue1064.agda" . 153)) '(155 156 (symbol) nil) '(157 160 (keyword) nil) '(161 162 (inductiveconstructor) nil ("Issue1064.agda" . 56)) '(163 164 (bound) nil ("Issue1064.agda" . 163)) '(165 166 (symbol) nil) '(167 168 (bound) nil ("Issue1064.agda" . 153)) '(169 171 (keyword) nil) '(172 173 (bound) nil ("Issue1064.agda" . 163)))
(agda2-status-action "Checked")
(agda2-info-action "*All Done*" "" nil)
((last . 1) . (agda2-goals-action '()))
