(agda2-status-action "")
(agda2-info-action "*Type-checking*" "" nil)
(agda2-highlight-clear)
(agda2-highlight-add-annotations '(1 51 (comment) nil) '(53 114 (comment) nil) '(115 178 (comment) nil) '(179 214 (comment) nil) '(215 278 (comment) nil) '(279 322 (comment) nil) '(324 330 (keyword) nil) '(336 337 (symbol) nil) '(339 340 (symbol) nil) '(341 344 (primitivetype) nil) '(344 345 (symbol) nil) '(346 347 (symbol) nil) '(348 351 (primitivetype) nil) '(352 357 (keyword) nil) '(360 365 (keyword) nil) '(372 373 (symbol) nil) '(377 383 (keyword) nil) '(391 392 (symbol) nil) '(394 395 (symbol) nil) '(396 399 (primitivetype) nil) '(399 400 (symbol) nil) '(401 402 (symbol) nil) '(404 405 (symbol) nil) '(412 413 (symbol) nil) '(414 415 (symbol) nil) '(416 419 (primitivetype) nil) '(420 425 (keyword) nil) '(428 434 (keyword) nil) '(438 439 (symbol) nil) '(448 454 (keyword) nil) '(468 469 (symbol) nil) '(471 472 (symbol) nil) '(473 476 (primitivetype) nil) '(476 477 (symbol) nil) '(478 479 (symbol) nil) '(481 482 (symbol) nil) '(489 490 (symbol) nil) '(491 492 (symbol) nil) '(496 497 (symbol) nil) '(506 507 (symbol) nil) '(508 513 (keyword) nil) '(516 522 (keyword) nil) '(525 526 (symbol) nil))
(agda2-highlight-add-annotations '(331 335 (record) nil ("Issue1619.agda" . 331)) '(337 338 (bound) nil ("Issue1619.agda" . 337)) '(370 371 (field) nil ("Issue1619.agda" . 370)) '(374 375 (bound) nil ("Issue1619.agda" . 337)) '(384 390 (record) nil ("Issue1619.agda" . 384)) '(392 393 (bound) nil ("Issue1619.agda" . 392)) '(402 403 (bound) nil ("Issue1619.agda" . 402)) '(406 410 (record) nil ("Issue1619.agda" . 331)) '(411 412 (bound) nil ("Issue1619.agda" . 392)) '(435 437 (module) nil ("Issue1619.agda" . 435)) '(440 444 (module) nil ("Issue1619.agda" . 331)) '(445 446 (bound) nil ("Issue1619.agda" . 402)) '(455 467 (module) nil ("Issue1619.agda" . 455)) '(469 470 (bound) nil ("Issue1619.agda" . 469)) '(479 480 (bound) nil ("Issue1619.agda" . 479)) '(483 487 (record) nil ("Issue1619.agda" . 331)) '(488 489 (bound) nil ("Issue1619.agda" . 469)) '(492 495 (bound) nil ("Issue1619.agda" . 492)) '(498 504 (record) nil ("Issue1619.agda" . 384)) '(505 506 (bound) nil ("Issue1619.agda" . 479)) '(523 524 (module) nil ("Issue1619.agda" . 523)) '(527 533 (module) nil ("Issue1619.agda" . 384)) '(534 537 (bound) nil ("Issue1619.agda" . 492)))
(agda2-highlight-add-annotations '(331 335 (record) nil ("Issue1619.agda" . 331)) '(336 337 (symbol) nil) '(337 338 (bound) nil ("Issue1619.agda" . 337)) '(339 340 (symbol) nil) '(341 344 (primitivetype) nil) '(344 345 (symbol) nil) '(346 347 (symbol) nil) '(348 351 (primitivetype) nil))
(agda2-highlight-add-annotations '(324 330 (keyword) nil) '(331 335 (record) nil ("Issue1619.agda" . 331)) '(352 357 (keyword) nil) '(360 365 (keyword) nil) '(370 371 (field) nil ("Issue1619.agda" . 370)) '(372 373 (symbol) nil) '(374 375 (bound) nil ("Issue1619.agda" . 337)))
(agda2-highlight-add-annotations '(384 390 (record) nil ("Issue1619.agda" . 384)) '(391 392 (symbol) nil) '(392 393 (bound) nil ("Issue1619.agda" . 392)) '(394 395 (symbol) nil) '(396 399 (primitivetype) nil) '(399 400 (symbol) nil) '(401 402 (symbol) nil) '(402 403 (bound) nil ("Issue1619.agda" . 402)) '(404 405 (symbol) nil) '(406 410 (record) nil ("Issue1619.agda" . 331)) '(411 412 (bound) nil ("Issue1619.agda" . 392)) '(412 413 (symbol) nil) '(414 415 (symbol) nil) '(416 419 (primitivetype) nil))
(agda2-highlight-add-annotations '(377 383 (keyword) nil) '(384 390 (record) nil ("Issue1619.agda" . 384)) '(420 425 (keyword) nil) '(428 434 (keyword) nil) '(438 439 (symbol) nil))
(agda2-highlight-add-annotations '(516 522 (keyword) nil) '(523 524 (module) nil ("Issue1619.agda" . 523)) '(525 526 (symbol) nil) '(527 533 (module) nil ("Issue1619.agda" . 384)) '(534 537 (bound) nil ("Issue1619.agda" . 492)))
(agda2-highlight-add-annotations '(448 454 (keyword) nil) '(455 467 (module) nil ("Issue1619.agda" . 455)) '(468 469 (symbol) nil) '(469 470 (bound) nil ("Issue1619.agda" . 469)) '(471 472 (symbol) nil) '(473 476 (primitivetype) nil) '(476 477 (symbol) nil) '(478 479 (symbol) nil) '(479 480 (bound) nil ("Issue1619.agda" . 479)) '(481 482 (symbol) nil) '(483 487 (record) nil ("Issue1619.agda" . 331)) '(488 489 (bound) nil ("Issue1619.agda" . 469)) '(489 490 (symbol) nil) '(491 492 (symbol) nil) '(492 495 (bound) nil ("Issue1619.agda" . 492)) '(496 497 (symbol) nil) '(498 504 (record) nil ("Issue1619.agda" . 384)) '(505 506 (bound) nil ("Issue1619.agda" . 479)) '(506 507 (symbol) nil) '(508 513 (keyword) nil))
(agda2-highlight-add-annotations '(1 51 (comment) nil) '(53 114 (comment) nil) '(115 178 (comment) nil) '(179 214 (comment) nil) '(215 278 (comment) nil) '(279 322 (comment) nil))
(agda2-status-action "Checked")
(agda2-info-action "*All Done*" "" nil)
((last . 1) . (agda2-goals-action '()))
