(agda2-status-action "")
(agda2-info-action "*Type-checking*" "" nil)
(agda2-highlight-clear)
(agda2-highlight-add-annotations '(1 58 (comment) nil) '(60 64 (keyword) nil) '(65 71 (keyword) nil) '(95 138 (comment) nil) '(139 143 (keyword) nil) '(144 150 (keyword) nil) '(174 217 (comment) nil))
(agda2-highlight-add-annotations '(72 87 (module) nil ("Issue2574Import.agda" . 1)) '(151 171 (module) nil ("Issue2574ImportBlank.agda" . 1)))
(agda2-highlight-add-annotations '(72 87 (module) nil ("Issue2574Import.agda" . 1)))
(agda2-highlight-add-annotations '(151 171 (module) nil ("Issue2574ImportBlank.agda" . 1)))
(agda2-highlight-add-annotations '(1 58 (comment) nil) '(60 64 (keyword) nil) '(65 71 (keyword) nil) '(95 138 (comment) nil) '(139 143 (keyword) nil) '(144 150 (keyword) nil) '(174 217 (comment) nil))
(agda2-status-action "Checked")
(agda2-info-action "*All Done*" "" nil)
((last . 1) . (agda2-goals-action '()))
