(agda2-status-action "")
(agda2-info-action "*Type-checking*" "" nil)
(agda2-highlight-clear)
(agda2-highlight-add-annotations '(1 58 (comment) nil) '(59 134 (comment) nil) '(136 142 (keyword) nil) '(143 144 (symbol) nil) '(145 150 (keyword) nil) '(152 158 (keyword) nil) '(182 188 (keyword) nil) '(189 190 (symbol) nil) '(195 196 (symbol) nil) '(197 236 (comment) nil) '(238 242 (keyword) nil) '(248 253 (keyword) nil) '(254 255 (symbol) nil) '(258 259 (symbol) nil) '(283 326 (comment) nil) '(328 334 (keyword) nil) '(337 338 (symbol) nil) '(340 341 (symbol) nil) '(342 345 (primitivetype) nil) '(345 346 (symbol) nil) '(347 348 (symbol) nil) '(356 361 (keyword) nil) '(362 363 (symbol) nil) '(366 367 (symbol) nil) '(399 428 (comment) nil) '(431 439 (keyword) nil) '(440 441 (symbol) nil) '(453 454 (symbol) nil) '(474 503 (comment) nil))
(agda2-highlight-add-annotations '(136 142 (keyword) nil) '(143 144 (module) nil ("Issue1714.agda" . 1)) '(145 150 (keyword) nil) '(159 173 (module) nil (Product.agda" . 1)) '(174 176 (symbol) nil) '(177 181 (module) nil) '(190 195 (field) nil (Product.agda" . 269)) '(243 247 (module) nil (Product.agda" . 1)) '(255 258 (function operator) nil (Product.agda" . 413)) '(335 336 (module) nil ("Issue1714.agda" . 335)) '(338 339 (bound) nil ("Issue1714.agda" . 338)) '(349 353 (module) nil (Product.agda" . 1)) '(363 366 (inductiveconstructor operator) nil (Product.agda" . 253)) '(441 446 (field) nil (Product.agda" . 283)) '(447 449 (symbol) nil) '(450 453 (field) nil (Product.agda" . 283)))
(agda2-highlight-add-annotations '(159 173 (module) nil (Product.agda" . 1)) '(174 176 (symbol) nil) '(177 181 (module) nil) '(182 188 (keyword) nil) '(189 190 (symbol) nil) '(190 195 (field) nil (Product.agda" . 269)) '(195 196 (symbol) nil))
(agda2-highlight-add-annotations '(243 247 (module) nil (Product.agda" . 1)) '(248 253 (keyword) nil) '(254 255 (symbol) nil) '(255 258 (function operator) nil (Product.agda" . 413)) '(258 259 (symbol) nil))
(agda2-highlight-add-annotations '(328 334 (keyword) nil) '(335 336 (module) nil ("Issue1714.agda" . 335)) '(337 338 (symbol) nil) '(338 339 (bound) nil ("Issue1714.agda" . 338)) '(340 341 (symbol) nil) '(342 345 (primitivetype) nil) '(345 346 (symbol) nil) '(347 348 (symbol) nil) '(349 353 (module) nil (Product.agda" . 1)) '(356 361 (keyword) nil) '(362 363 (symbol) nil) '(363 366 (inductiveconstructor operator) nil (Product.agda" . 253)) '(366 367 (symbol) nil) '(399 428 (comment) nil) '(431 439 (keyword) nil) '(440 441 (symbol) nil) '(441 446 (field) nil (Product.agda" . 283)) '(447 449 (symbol) nil) '(450 453 (field) nil (Product.agda" . 283)) '(453 454 (symbol) nil))
(agda2-highlight-add-annotations '(136 142 (keyword) nil) '(143 144 (module) nil ("Issue1714.agda" . 1)) '(145 150 (keyword) nil))
(agda2-highlight-add-annotations '(1 58 (comment) nil) '(59 134 (comment) nil) '(152 158 (keyword) nil) '(197 236 (comment) nil) '(238 242 (keyword) nil) '(283 326 (comment) nil) '(474 503 (comment) nil))
(agda2-status-action "Checked")
(agda2-info-action "*All Done*" "" nil)
((last . 1) . (agda2-goals-action '()))
