(agda2-status-action "")
(agda2-info-action "*Type-checking*" "" nil)
(agda2-highlight-clear)
(agda2-status-action "")
(agda2-info-action "*All Goals, Errors*" "?0 : Alg (_Ψ_538 φ m p k v) (_X_539 φ m p k v) ?1 : _Ω_537 φ m p k v ⇛[ _f_540 φ m p k v ] _Ψ_538 φ m p k v ?2 : ⟦ _Ω_537 φ m p k v ⟧ ((λ {.x} → _X_539 φ m p k v) ∘ _f_540 φ m p k v) (_x_543 φ m p k v) _I_535 : Set [ at Issue1365.agda:165,37-43 ] _J_536 : Set [ at Issue1365.agda:165,37-43 ] _Ω_537 : Sig (_I_535 φ m p k v) [ at Issue1365.agda:165,37-43 ] _Ψ_538 : Sig (_J_536 φ m p k v) [ at Issue1365.agda:165,37-43 ] _X_539 : Pow (_J_536 φ m p k v) [ at Issue1365.agda:165,37-43 ] _f_540 : _I_535 φ m p k v → _J_536 φ m p k v [ at Issue1365.agda:165,37-43 ] _x_543 : _I_535 φ m p k v [ at Issue1365.agda:165,37-59 ] _545 : μ (.Ω″ ⋆^C .W) (proj₂ (.f .i)) [ at Issue1365.agda:165,37-64 ] _546 : μ (.Ω″ ⋆^C .W) (proj₂ (.f .i)) [ at Issue1365.agda:165,37-64 ] ———— Errors ———————————————————————————————————————————————— Failed to solve the following constraints: _545 := λ {.I} {.i} {.J} {.K} {.Ω} {.Ω′} {.Ω″} {.U} {.V} {.W} {.f} φ m p k v → weaken (?0 φ m p k v) (?1 φ m p k v) (?2 φ m p k v) [blocked on problem 1053] [1053] _X_539 φ m p k v (_f_540 φ m p k v (_x_543 φ m p k v)) =< μ (.Ω″ ⋆^C .W) (proj₂ (.f .i)) : Set " nil)
((last . 1) . (agda2-goals-action '(0 1 2)))
(agda2-info-action "*Error*" "Issue1365.agda:165,37-64 _V_551 φ m p k v (_583 φ m p k v) → (((λ o → Parameter .Ω″ o) ◃ (λ {o} → Arity .Ω″) / (λ {o} → input .Ω″)) ⋆ (λ z → .W z)) (_584 φ m p k v) !=< μ (.Ω″ ⋆^C .W) (proj₂ (.f .i)) of type Set when checking that the expression weaken ? ? ? has type proj₂ (.f .i) ∈ (.Ω″ ⋆ .W)" nil)
((last . 3) . (agda2-maybe-goto '("Issue1365.agda" . 4948)))
(agda2-highlight-load-and-delete-action)
(agda2-status-action "")
(agda2-info-action "*Error*" "Issue1365.agda:165,37-64 _V_551 φ m p k v (_583 φ m p k v) → (((λ o → Parameter .Ω″ o) ◃ (λ {o} → Arity .Ω″) / (λ {o} → input .Ω″)) ⋆ (λ z → .W z)) (_584 φ m p k v) !=< μ (.Ω″ ⋆^C .W) (proj₂ (.f .i)) of type Set when checking that the expression weaken ? ? ? has type proj₂ (.f .i) ∈ (.Ω″ ⋆ .W)" nil)
((last . 3) . (agda2-maybe-goto '("Issue1365.agda" . 4948)))
(agda2-highlight-load-and-delete-action)
(agda2-status-action "")
