(agda2-status-action "")
(agda2-info-action "*Type-checking*" "" nil)
(agda2-highlight-clear)
(agda2-status-action "")
(agda2-info-action "*All Goals*" "?0 : Set ?1 : Set ?2 : Set " nil)
((last . 1) . (agda2-goals-action '(0 1 2)))
((last . 2) . (agda2-make-case-action-extendlam '("()")))
((last . 1) . (agda2-goals-action '(0 1 2)))
((last . 2) . (agda2-make-case-action-extendlam '("()")))
((last . 1) . (agda2-goals-action '(0 1 2)))
((last . 2) . (agda2-make-case-action-extendlam '("()")))
((last . 1) . (agda2-goals-action '(0 1 2)))
