(agda2-status-action "")
(agda2-info-action "*Type-checking*" "" nil)
(agda2-highlight-clear)
(agda2-status-action "")
(agda2-info-action "*All Goals*" "?0 : Nat " nil)
((last . 1) . (agda2-goals-action '(0)))
(agda2-info-action "*Error*" "Issue2183.agda:9,16-21 Cannot split on variable m. It is either a module parameter or already instantiated by a dot pattern when checking that the expression ? has type Nat" nil)
((last . 3) . (agda2-maybe-goto '("Issue2183.agda" . 198)))
(agda2-highlight-load-and-delete-action)
(agda2-status-action "")
