(agda2-status-action "")
(agda2-info-action "*Type-checking*" "" nil)
(agda2-highlight-clear)
(agda2-status-action "")
(agda2-info-action "*All Goals*" "?0 : ℕ ?1 : Set ?2 : ℕ " nil)
((last . 1) . (agda2-goals-action '(0 1 2)))
(agda2-status-action "")
(agda2-info-action "*Goal type etc.*" "Goal: ℕ ———————————————————————————————————————————————————————————— Y : ℕ → Set X : Set A : Set" nil)
((last . 1) . (agda2-goals-action '(0 1 2)))
(agda2-status-action "")
(agda2-info-action "*Context*" "A : Set X : Set Y : ℕ → Set m : ℕ" nil)
((last . 1) . (agda2-goals-action '(0 1 2)))
(agda2-status-action "")
(agda2-info-action "*Context*" "A : Set x : ℕ i : ℕ z : Singleton x" nil)
((last . 1) . (agda2-goals-action '(0 1 2)))
